../Drivers/CMSIS/Include/core_cm4.h:1688:22:__NVIC_EnableIRQ	16	static
../Drivers/CMSIS/Include/core_cm4.h:1724:22:__NVIC_DisableIRQ	16	static,ignoring_inline_asm
../Core/Src/main.c:95:5:main	4120	static
../Core/Src/main.c:207:6:SystemClock_Config	88	static
../Core/Src/main.c:249:13:MX_TIM1_Init	80	static
../Core/Src/main.c:313:13:MX_USART6_UART_Init	8	static
../Core/Src/main.c:346:13:MX_GPIO_Init	48	static
../Core/Src/main.c:380:6:HAL_UART_RxCpltCallback	16	static
../Core/Src/main.c:389:6:HAL_UART_TxCpltCallback	16	static
../Core/Src/main.c:397:6:HAL_TIM_PeriodElapsedCallback	24	static
../Core/Src/main.c:469:6:Error_Handler	4	static,ignoring_inline_asm
