../Core/Src/main.c:72:6:send_message	24	static
../Core/Src/main.c:90:5:main	8232	static
../Core/Src/main.c:189:6:SystemClock_Config	88	static
../Core/Src/main.c:231:13:MX_TIM1_Init	80	static
../Core/Src/main.c:295:13:MX_USART6_UART_Init	8	static
../Core/Src/main.c:328:13:MX_GPIO_Init	48	static
../Core/Src/main.c:362:6:HAL_UART_RxCpltCallback	16	static
../Core/Src/main.c:370:6:HAL_UART_TxCpltCallback	16	static
../Core/Src/main.c:380:6:HAL_TIM_PeriodElapsedCallback	24	static
../Core/Src/main.c:409:6:Error_Handler	4	static,ignoring_inline_asm
